// Jest Snapshot v1, https://goo.gl/fbAQLP

exports[`renders correctly 1`] = `
ShallowWrapper {
  "length": 1,
  Symbol(enzyme.__root__): [Circular],
  Symbol(enzyme.__unrendered__): <App />,
  Symbol(enzyme.__renderer__): Object {
    "batchedUpdates": [Function],
    "getNode": [Function],
    "render": [Function],
    "simulateEvent": [Function],
    "unmount": [Function],
  },
  Symbol(enzyme.__node__): Object {
    "instance": null,
    "key": null,
    "nodeType": "host",
    "props": Object {
      "children": Array [
        <header
          className="App-header"
        >
          <img
            alt="logo"
            className="App-logo"
            src="logo.svg"
          />
          <h1
            className="App-title"
          >
            Gift Giver
          </h1>
        </header>,
        <button
          data-test="addButton"
          onClick={[Function]}
        >
          Add
        </button>,
      ],
      "className": "App",
    },
    "ref": null,
    "rendered": Array [
      Object {
        "instance": null,
        "key": null,
        "nodeType": "host",
        "props": Object {
          "children": Array [
            <img
              alt="logo"
              className="App-logo"
              src="logo.svg"
            />,
            <h1
              className="App-title"
            >
              Gift Giver
            </h1>,
          ],
          "className": "App-header",
        },
        "ref": null,
        "rendered": Array [
          Object {
            "instance": null,
            "key": null,
            "nodeType": "host",
            "props": Object {
              "alt": "logo",
              "className": "App-logo",
              "src": "logo.svg",
            },
            "ref": null,
            "rendered": null,
            "type": "img",
          },
          Object {
            "instance": null,
            "key": null,
            "nodeType": "host",
            "props": Object {
              "children": "Gift Giver",
              "className": "App-title",
            },
            "ref": null,
            "rendered": "Gift Giver",
            "type": "h1",
          },
        ],
        "type": "header",
      },
      Object {
        "instance": null,
        "key": null,
        "nodeType": "host",
        "props": Object {
          "children": "Add",
          "data-test": "addButton",
          "onClick": [Function],
        },
        "ref": null,
        "rendered": "Add",
        "type": "button",
      },
    ],
    "type": "div",
  },
  Symbol(enzyme.__nodes__): Array [
    Object {
      "instance": null,
      "key": null,
      "nodeType": "host",
      "props": Object {
        "children": Array [
          <header
            className="App-header"
          >
            <img
              alt="logo"
              className="App-logo"
              src="logo.svg"
            />
            <h1
              className="App-title"
            >
              Gift Giver
            </h1>
          </header>,
          <button
            data-test="addButton"
            onClick={[Function]}
          >
            Add
          </button>,
        ],
        "className": "App",
      },
      "ref": null,
      "rendered": Array [
        Object {
          "instance": null,
          "key": null,
          "nodeType": "host",
          "props": Object {
            "children": Array [
              <img
                alt="logo"
                className="App-logo"
                src="logo.svg"
              />,
              <h1
                className="App-title"
              >
                Gift Giver
              </h1>,
            ],
            "className": "App-header",
          },
          "ref": null,
          "rendered": Array [
            Object {
              "instance": null,
              "key": null,
              "nodeType": "host",
              "props": Object {
                "alt": "logo",
                "className": "App-logo",
                "src": "logo.svg",
              },
              "ref": null,
              "rendered": null,
              "type": "img",
            },
            Object {
              "instance": null,
              "key": null,
              "nodeType": "host",
              "props": Object {
                "children": "Gift Giver",
                "className": "App-title",
              },
              "ref": null,
              "rendered": "Gift Giver",
              "type": "h1",
            },
          ],
          "type": "header",
        },
        Object {
          "instance": null,
          "key": null,
          "nodeType": "host",
          "props": Object {
            "children": "Add",
            "data-test": "addButton",
            "onClick": [Function],
          },
          "ref": null,
          "rendered": "Add",
          "type": "button",
        },
      ],
      "type": "div",
    },
  ],
  Symbol(enzyme.__options__): Object {
    "adapter": ReactSixteenAdapter {
      "options": Object {
        "enableComponentDidUpdateOnSetState": true,
      },
    },
    "disableLifecycleMethods": true,
  },
}
`;
